Optimizing the regularization parameter...
	R = 0.01 with 0.9979091882608051 mean F1-Score.
	Time elapsed: 10 minutes
	R = 0.1 with 0.9999500024998748 mean F1-Score.
	Time elapsed: 10 minutes
	R = 0.5 with 0.9501047179356886 mean F1-Score.
	Time elapsed: 10 minutes
	R = 0.9 with 0.8394930728146353 mean F1-Score.
	Time elapsed: 10 minutes
	R = 0.99 with 0.7089862203100095 mean F1-Score.
	Time elapsed: 10 minutes
Best regularization: 0.1
Time elapsed: 53 minutes
