Optimizing the learning rate...
Optimizing the learning rate...
	Alpha = 0.001 with 0.0 mean F1-Score.
	Time elapsed: 37 minutes
	Alpha = 0.01 with 0.7321228775491095 mean F1-Score.
	Time elapsed: 35 minutes
	Alpha = 0.1 with 0.9522366929883622 mean F1-Score.
	Time elapsed: 35 minutes
	Alpha = 0.2 with 0.9511590599956646 mean F1-Score.
	Time elapsed: 35 minutes
	Alpha = 0.5 with 0.9594100099174284 mean F1-Score.
	Time elapsed: 34 minutes
	Alpha = 0.9 with 0.954879300255001 mean F1-Score.
	Time elapsed: 33 minutes
	Alpha = 0.99 with 0.9590432823960142 mean F1-Score.
	Time elapsed: 32 minutes
Best alpha: 0.5
Time elapsed: 245 minutes
