Optimizing the batch size...
	Param value = 5 with nan mean F1-Score.
	Time elapsed: 15 minutes
	Param value = 10 with nan mean F1-Score.
	Time elapsed: 14 minutes
	Param value = 25 with nan mean F1-Score.
	Time elapsed: 12 minutes
	Param value = 50 with nan mean F1-Score.
	Time elapsed: 10 minutes
	Param value = 100 with nan mean F1-Score.
	Time elapsed: 10 minutes
	Param value = 200 with nan mean F1-Score.
	Time elapsed: 7 minutes
	Param value = 300 with nan mean F1-Score.
	Time elapsed: 12 minutes
	Param value = 698 with nan mean F1-Score.
	Time elapsed: 11 minutes
Best batch size: nan
Time elapsed: 95 minutes
