Optimizing the learning rate...
	Alpha = 0.001 with nan mean F1-Score.
	Time elapsed: 7 minutes
	Alpha = 0.01 with 0.787395427716169 mean F1-Score.
	Time elapsed: 7 minutes
	Alpha = 0.1 with 0.9204206332481295 mean F1-Score.
	Time elapsed: 7 minutes
	Alpha = 0.2 with 0.917518936671996 mean F1-Score.
	Time elapsed: 7 minutes
	Alpha = 0.5 with 0.9127956111386812 mean F1-Score.
	Time elapsed: 7 minutes
	Alpha = 0.9 with 0.873125158899161 mean F1-Score.
	Time elapsed: 6 minutes
	Alpha = 0.99 with 0.8847169462991215 mean F1-Score.
	Time elapsed: 5 minutes
Best alpha: 0.1
Time elapsed: 47 minutes
