Optimizing the learning rate...
Optimizing the learning rate...
	Alpha = 0.001 with 0.7019541070066316 mean F1-Score.
	Time elapsed: 19 minutes
	Alpha = 0.01 with 0.7873478371766479 mean F1-Score.
	Time elapsed: 17 minutes
	Alpha = 0.1 with 0.9203708673228856 mean F1-Score.
	Time elapsed: 17 minutes
	Alpha = 0.2 with 0.9174692634393189 mean F1-Score.
	Time elapsed: 16 minutes
	Alpha = 0.5 with 0.9127459472241075 mean F1-Score.
	Time elapsed: 16 minutes
	Alpha = 0.9 with 0.8730760375132813 mean F1-Score.
	Time elapsed: 16 minutes
	Alpha = 0.99 with 0.8846677228791877 mean F1-Score.
	Time elapsed: 17 minutes
Best alpha: 0.1
Time elapsed: 121 minutes
