Optimizing the regularization parameter...
Optimizing the regularization parameter...
	R = 0.01 with 0.580918228839872 mean F1-Score.
	Time elapsed: 38 minutes
	R = 0.1 with 0.6579206597574693 mean F1-Score.
	Time elapsed: 36 minutes
	R = 0.5 with 0.613168616497398 mean F1-Score.
	Time elapsed: 35 minutes
	R = 0.9 with 0.41357108703196543 mean F1-Score.
	Time elapsed: 35 minutes
	R = 0.99 with 0.10529753722779786 mean F1-Score.
	Time elapsed: 37 minutes
Best regularization: 0.1
Time elapsed: 183 minutes
