Optimizing the regularization parameter...
	R = 0.01 with nan mean F1-Score.
	Time elapsed: 16 minutes
	R = 0.1 with 0.6579700347019749 mean F1-Score.
	Time elapsed: 16 minutes
	R = 0.5 with 0.6132168100894811 mean F1-Score.
	Time elapsed: 14 minutes
	R = 0.9 with 0.41360869366892417 mean F1-Score.
	Time elapsed: 11 minutes
	R = 0.99 with nan mean F1-Score.
	Time elapsed: 10 minutes
Best regularization: 0.1
Time elapsed: 68 minutes
