Optimizing the beta...
	Beta = 0 with nan mean F1-Score.
	Time elapsed: 15 minutes
	Beta = 0.25 with nan mean F1-Score.
	Time elapsed: 15 minutes
	Beta = 0.5 with nan mean F1-Score.
	Time elapsed: 13 minutes
	Beta = 0.75 with nan mean F1-Score.
	Time elapsed: 12 minutes
	Beta = 0.99 with nan mean F1-Score.
	Time elapsed: 9 minutes
Best beta: nan
Time elapsed: 67 minutes
