Optimizing the learning rate...
Optimizing the learning rate...
	Alpha = 0.001 with 0.0 mean F1-Score.
	Time elapsed: 37 minutes
	Alpha = 0.01 with 0.0 mean F1-Score.
	Time elapsed: 35 minutes
	Alpha = 0.1 with 0.0 mean F1-Score.
	Time elapsed: 37 minutes
	Alpha = 0.2 with 0.0 mean F1-Score.
	Time elapsed: 36 minutes
	Alpha = 0.5 with 0.0 mean F1-Score.
	Time elapsed: 37 minutes
	Alpha = 0.9 with 0.0 mean F1-Score.
	Time elapsed: 34 minutes
	Alpha = 0.99 with 0.0 mean F1-Score.
	Time elapsed: 34 minutes
Best alpha: 0.001
Time elapsed: 253 minutes
